
  .   ____          _            __ _ _
 /\\ / ___'_ __ _ _(_)_ __  __ _ \ \ \ \
( ( )\___ | '_ | '_| | '_ \/ _` | \ \ \ \
 \\/  ___)| |_)| | | | | || (_| |  ) ) ) )
  '  |____| .__|_| |_|_| |_\__, | / / / /
 =========|_|==============|___/=/_/_/_/

 :: Spring Boot ::                (v4.0.7)

2026-07-24T16:16:04.378+05:30  INFO 81482 --- [Backend] [           main] com.classes.Backend.BackendApplication   : Starting BackendApplication v0.0.1-SNAPSHOT using Java 21.0.9 with PID 81482 (/Users/adityapersonal/Downloads/Repos/Abhishek/My classes/Backend/target/Backend-0.0.1-SNAPSHOT.jar started by adityapersonal in /Users/adityapersonal/Downloads/Repos/Abhishek/My classes/Backend)
2026-07-24T16:16:04.380+05:30  INFO 81482 --- [Backend] [           main] com.classes.Backend.BackendApplication   : No active profile set, falling back to 1 default profile: "default"
2026-07-24T16:16:04.907+05:30  INFO 81482 --- [Backend] [           main] .s.d.r.c.RepositoryConfigurationDelegate : Bootstrapping Spring Data JPA repositories in DEFAULT mode.
2026-07-24T16:16:04.975+05:30  INFO 81482 --- [Backend] [           main] .s.d.r.c.RepositoryConfigurationDelegate : Finished Spring Data repository scanning in 62 ms. Found 25 JPA repository interfaces.
2026-07-24T16:16:05.300+05:30  INFO 81482 --- [Backend] [           main] o.s.boot.tomcat.TomcatWebServer          : Tomcat initialized with port 8080 (http)
2026-07-24T16:16:05.308+05:30  INFO 81482 --- [Backend] [           main] o.apache.catalina.core.StandardService   : Starting service [Tomcat]
2026-07-24T16:16:05.309+05:30  INFO 81482 --- [Backend] [           main] o.apache.catalina.core.StandardEngine    : Starting Servlet engine: [Apache Tomcat/11.0.22]
2026-07-24T16:16:05.323+05:30  INFO 81482 --- [Backend] [           main] b.w.c.s.WebApplicationContextInitializer : Root WebApplicationContext: initialization completed in 916 ms
2026-07-24T16:16:05.412+05:30  INFO 81482 --- [Backend] [           main] org.hibernate.orm.jpa                    : HHH008540: Processing PersistenceUnitInfo [name: default]
2026-07-24T16:16:05.449+05:30  INFO 81482 --- [Backend] [           main] org.hibernate.orm.core                   : HHH000001: Hibernate ORM core version 7.2.19.Final
2026-07-24T16:16:05.727+05:30  INFO 81482 --- [Backend] [           main] o.s.o.j.p.SpringPersistenceUnitInfo      : No LoadTimeWeaver setup: ignoring JPA class transformer
2026-07-24T16:16:05.747+05:30  INFO 81482 --- [Backend] [           main] com.zaxxer.hikari.HikariDataSource       : HikariPool-1 - Starting...
2026-07-24T16:16:06.282+05:30  INFO 81482 --- [Backend] [           main] com.zaxxer.hikari.pool.HikariPool        : HikariPool-1 - Added connection org.postgresql.jdbc.PgConnection@49ea13b6
2026-07-24T16:16:06.283+05:30  INFO 81482 --- [Backend] [           main] com.zaxxer.hikari.HikariDataSource       : HikariPool-1 - Start completed.
2026-07-24T16:16:06.412+05:30  WARN 81482 --- [Backend] [           main] org.hibernate.orm.deprecation            : HHH90000025: PostgreSQLDialect does not need to be specified explicitly using 'hibernate.dialect' (remove the property setting and it will be selected by default)
2026-07-24T16:16:06.515+05:30  INFO 81482 --- [Backend] [           main] org.hibernate.orm.connections.pooling    : HHH10001005: Database info:
	Database JDBC URL [jdbc:postgresql://db-postgresql-blr1-97829-do-user-37647391-0.k.db.ondigitalocean.com:25060/defaultdb?sslmode=require]
	Database driver: PostgreSQL JDBC Driver
	Database dialect: PostgreSQLDialect
	Database version: 18.4
	Default catalog/schema: defaultdb/public
	Autocommit mode: undefined/unknown
	Isolation level: READ_COMMITTED [default READ_COMMITTED]
	JDBC fetch size: none
	Pool: DataSourceConnectionProvider
	Minimum pool size: undefined/unknown
	Maximum pool size: undefined/unknown
2026-07-24T16:16:07.322+05:30  INFO 81482 --- [Backend] [           main] org.hibernate.orm.core                   : HHH000489: No JTA platform available (set 'hibernate.transaction.jta.platform' to enable JTA platform integration)
2026-07-24T16:16:07.831+05:30  INFO 81482 --- [Backend] [           main] j.LocalContainerEntityManagerFactoryBean : Initialized JPA EntityManagerFactory for persistence unit 'default'
2026-07-24T16:16:07.873+05:30  INFO 81482 --- [Backend] [           main] o.s.d.j.r.query.QueryEnhancerFactories   : Hibernate is in classpath; If applicable, HQL parser will be used.
2026-07-24T16:16:08.034+05:30  INFO 81482 --- [Backend] [           main] eAuthenticationProviderManagerConfigurer : Global AuthenticationManager configured with AuthenticationProvider bean with name authenticationProvider
2026-07-24T16:16:08.035+05:30  WARN 81482 --- [Backend] [           main] r$InitializeUserDetailsManagerConfigurer : Global AuthenticationManager configured with an AuthenticationProvider bean. UserDetailsService beans will not be used by Spring Security for automatically configuring username/password login. Consider removing the AuthenticationProvider bean. Alternatively, consider using the UserDetailsService in a manually instantiated DaoAuthenticationProvider. If the current configuration is intentional, to turn off this warning, increase the logging level of 'org.springframework.security.config.annotation.authentication.configuration.InitializeUserDetailsBeanManagerConfigurer' to ERROR
2026-07-24T16:16:08.243+05:30  INFO 81482 --- [Backend] [           main] c.c.Backend.Service.storage.S3Service    : Initializing S3 client for bucket: myclassesimages in region: ap-south-1
2026-07-24T16:16:08.693+05:30  WARN 81482 --- [Backend] [           main] JpaBaseConfiguration$JpaWebConfiguration : spring.jpa.open-in-view is enabled by default. Therefore, database queries may be performed during view rendering. Explicitly configure spring.jpa.open-in-view to disable this warning
2026-07-24T16:16:08.826+05:30  INFO 81482 --- [Backend] [           main] o.s.v.b.OptionalValidatorFactoryBean     : Failed to set up a Bean Validation provider: jakarta.validation.NoProviderFoundException: Unable to create a Configuration, because no Jakarta Validation provider could be found. Add a provider like Hibernate Validator (RI) to your classpath.
2026-07-24T16:16:09.044+05:30  INFO 81482 --- [Backend] [           main] o.s.boot.tomcat.TomcatWebServer          : Tomcat started on port 8080 (http) with context path '/'
2026-07-24T16:16:09.050+05:30  INFO 81482 --- [Backend] [           main] com.classes.Backend.BackendApplication   : Started BackendApplication in 4.906 seconds (process running for 5.231)
2026-07-24T16:16:35.482+05:30  INFO 81482 --- [Backend] [nio-8080-exec-1] o.a.c.c.C.[Tomcat].[localhost].[/]       : Initializing Spring DispatcherServlet 'dispatcherServlet'
2026-07-24T16:16:35.483+05:30  INFO 81482 --- [Backend] [nio-8080-exec-1] o.s.web.servlet.DispatcherServlet        : Initializing Servlet 'dispatcherServlet'
2026-07-24T16:16:35.487+05:30  INFO 81482 --- [Backend] [nio-8080-exec-1] o.s.web.servlet.DispatcherServlet        : Completed initialization in 4 ms
2026-07-24T16:17:15.136+05:30  INFO 81482 --- [Backend] [ionShutdownHook] o.s.boot.tomcat.GracefulShutdown         : Commencing graceful shutdown. Waiting for active requests to complete
2026-07-24T16:17:15.148+05:30  INFO 81482 --- [Backend] [tomcat-shutdown] o.s.boot.tomcat.GracefulShutdown         : Graceful shutdown complete
2026-07-24T16:17:15.157+05:30  INFO 81482 --- [Backend] [ionShutdownHook] c.c.Backend.Service.storage.S3Service    : Closing S3 client
2026-07-24T16:17:15.165+05:30  INFO 81482 --- [Backend] [ionShutdownHook] j.LocalContainerEntityManagerFactoryBean : Closing JPA EntityManagerFactory for persistence unit 'default'
2026-07-24T16:17:15.172+05:30  INFO 81482 --- [Backend] [ionShutdownHook] com.zaxxer.hikari.HikariDataSource       : HikariPool-1 - Shutdown initiated...
2026-07-24T16:17:15.395+05:30  INFO 81482 --- [Backend] [ionShutdownHook] com.zaxxer.hikari.HikariDataSource       : HikariPool-1 - Shutdown completed.
