[INFO] Scanning for projects...
[INFO] 
[INFO] ------------------------< com.classes:Backend >-------------------------
[INFO] Building  0.0.1-SNAPSHOT
[INFO]   from pom.xml
[INFO] --------------------------------[ jar ]---------------------------------
[INFO] 
[INFO] --- clean:3.5.0:clean (default-clean) @ Backend ---
[INFO] Deleting /Users/adityapersonal/Downloads/Repos/Abhishek/My classes/Backend/target
[INFO] 
[INFO] --- resources:3.3.1:resources (default-resources) @ Backend ---
[INFO] Copying 1 resource from src/main/resources to target/classes
[INFO] Copying 2 resources from src/main/resources to target/classes
[INFO] 
[INFO] --- compiler:3.14.1:compile (default-compile) @ Backend ---
[INFO] Recompiling the module because of changed source code.
[INFO] Compiling 168 source files with javac [debug parameters release 21] to target/classes
[INFO] Annotation processing is enabled because one or more processors were found
  on the class path. A future release of javac may disable annotation processing
  unless at least one processor is specified by name (-processor), or a search
  path is specified (--processor-path, --processor-module-path), or annotation
  processing is enabled explicitly (-proc:only, -proc:full).
  Use -Xlint:-options to suppress this message.
  Use -proc:none to disable annotation processing.
[WARNING] /Users/adityapersonal/Downloads/Repos/Abhishek/My classes/Backend/src/main/java/com/classes/Backend/Domain/results/Result.java:[20,6] org.hibernate.annotations.GenericGenerator in org.hibernate.annotations has been deprecated and marked for removal
[WARNING] /Users/adityapersonal/Downloads/Repos/Abhishek/My classes/Backend/src/main/java/com/classes/Backend/Domain/results/Result.java:[20,39] strategy() in org.hibernate.annotations.GenericGenerator has been deprecated and marked for removal
[WARNING] /Users/adityapersonal/Downloads/Repos/Abhishek/My classes/Backend/src/main/java/com/classes/Backend/Domain/results/Result.java:[20,6] org.hibernate.annotations.GenericGenerator in org.hibernate.annotations has been deprecated and marked for removal
[WARNING] /Users/adityapersonal/Downloads/Repos/Abhishek/My classes/Backend/src/main/java/com/classes/Backend/Domain/results/Result.java:[20,39] strategy() in org.hibernate.annotations.GenericGenerator has been deprecated and marked for removal
[WARNING] /Users/adityapersonal/Downloads/Repos/Abhishek/My classes/Backend/src/main/java/com/classes/Backend/Domain/results/Result.java:[20,6] org.hibernate.annotations.GenericGenerator in org.hibernate.annotations has been deprecated and marked for removal
[WARNING] /Users/adityapersonal/Downloads/Repos/Abhishek/My classes/Backend/src/main/java/com/classes/Backend/Domain/results/Result.java:[20,39] strategy() in org.hibernate.annotations.GenericGenerator has been deprecated and marked for removal
[WARNING] /Users/adityapersonal/Downloads/Repos/Abhishek/My classes/Backend/src/main/java/com/classes/Backend/Domain/results/Result.java:[20,6] org.hibernate.annotations.GenericGenerator in org.hibernate.annotations has been deprecated and marked for removal
[WARNING] /Users/adityapersonal/Downloads/Repos/Abhishek/My classes/Backend/src/main/java/com/classes/Backend/Domain/results/Result.java:[20,39] strategy() in org.hibernate.annotations.GenericGenerator has been deprecated and marked for removal
[WARNING] /Users/adityapersonal/Downloads/Repos/Abhishek/My classes/Backend/src/main/java/com/classes/Backend/Domain/results/Result.java:[20,6] org.hibernate.annotations.GenericGenerator in org.hibernate.annotations has been deprecated and marked for removal
[WARNING] /Users/adityapersonal/Downloads/Repos/Abhishek/My classes/Backend/src/main/java/com/classes/Backend/Domain/results/Result.java:[20,39] strategy() in org.hibernate.annotations.GenericGenerator has been deprecated and marked for removal
[INFO] 
[INFO] --- resources:3.3.1:testResources (default-testResources) @ Backend ---
[INFO] skip non existing resourceDirectory /Users/adityapersonal/Downloads/Repos/Abhishek/My classes/Backend/src/test/resources
[INFO] 
[INFO] --- compiler:3.14.1:testCompile (default-testCompile) @ Backend ---
[INFO] Recompiling the module because of changed dependency.
[INFO] Compiling 1 source file with javac [debug parameters release 21] to target/test-classes
[INFO] Annotation processing is enabled because one or more processors were found
  on the class path. A future release of javac may disable annotation processing
  unless at least one processor is specified by name (-processor), or a search
  path is specified (--processor-path, --processor-module-path), or annotation
  processing is enabled explicitly (-proc:only, -proc:full).
  Use -Xlint:-options to suppress this message.
  Use -proc:none to disable annotation processing.
[INFO] 
[INFO] --- surefire:3.5.6:test (default-test) @ Backend ---
[INFO] Tests are skipped.
[INFO] 
[INFO] --- jar:3.4.2:jar (default-jar) @ Backend ---
[INFO] Building jar: /Users/adityapersonal/Downloads/Repos/Abhishek/My classes/Backend/target/Backend-0.0.1-SNAPSHOT.jar
[INFO] 
[INFO] --- spring-boot:4.0.7:repackage (repackage) @ Backend ---
[INFO] Replacing main artifact /Users/adityapersonal/Downloads/Repos/Abhishek/My classes/Backend/target/Backend-0.0.1-SNAPSHOT.jar with repackaged archive, adding nested dependencies in BOOT-INF/.
[INFO] The original artifact has been renamed to /Users/adityapersonal/Downloads/Repos/Abhishek/My classes/Backend/target/Backend-0.0.1-SNAPSHOT.jar.original
[INFO] ------------------------------------------------------------------------
[INFO] BUILD SUCCESS
[INFO] ------------------------------------------------------------------------
[INFO] Total time:  4.347 s
[INFO] Finished at: 2026-07-24T16:16:00+05:30
[INFO] ------------------------------------------------------------------------
